python : Creating test database for alias 'default' ('file:memorydb_default?mode=memory&cache=shared')...
At line:1 char:1
+ python manage.py test events -v 2 > test_output.txt 2>&1; Get-Content ...
+ ~~~~~~~~~~~~~~~~~~~~~~~~~~~~~~~~~~~~~~~~~~~~~~~~~~~~~~~~
    + CategoryInfo          : NotSpecified: (Creating test d...che=shared')...:String) [], RemoteExcepti 
   on
    + FullyQualifiedErrorId : NativeCommandError
 

Found 48 test(s).
Operations to perform:
  Synchronize unmigrated apps: corsheaders, messages, rest_framework, staticfiles
  Apply all migrations: admin, auth, authtoken, contenttypes, events, sessions
Synchronizing apps without migrations:
  Creating tables...
    Running deferred SQL...
Running migrations:
  Applying contenttypes.0001_initial... OK
  Applying auth.0001_initial... OK
  Applying admin.0001_initial... OK
  Applying admin.0002_logentry_remove_auto_add... OK
  Applying admin.0003_logentry_add_action_flag_choices... OK
  Applying contenttypes.0002_remove_content_type_name... OK
  Applying auth.0002_alter_permission_name_max_length... OK
  Applying auth.0003_alter_user_email_max_length... OK
  Applying auth.0004_alter_user_username_opts... OK
  Applying auth.0005_alter_user_last_login_null... OK
  Applying auth.0006_require_contenttypes_0002... OK
  Applying auth.0007_alter_validators_add_error_messages... OK
  Applying auth.0008_alter_user_username_max_length... OK
  Applying auth.0009_alter_user_last_name_max_length... OK
  Applying auth.0010_alter_group_name_max_length... OK
  Applying auth.0011_update_proxy_permissions... OK
  Applying auth.0012_alter_user_first_name_max_length... OK
  Applying authtoken.0001_initial... OK
  Applying authtoken.0002_auto_20160226_1747... OK
  Applying authtoken.0003_tokenproxy... OK
  Applying authtoken.0004_alter_tokenproxy_options... OK
  Applying events.0001_initial... OK
  Applying events.0002_alter_participant_options_and_more... OK
  Applying events.0003_team_participant_team... OK
  Applying events.0004_pre_registered_member... OK
test_distribute_invalid_uid (events.tests.DistributionAPITest.test_distribute_invalid_uid) ... ok
test_give_breakfast_success (events.tests.DistributionAPITest.test_give_breakfast_success) ... ok
test_give_dinner_success (events.tests.DistributionAPITest.test_give_dinner_success) ... ok
test_give_lunch_success (events.tests.DistributionAPITest.test_give_lunch_success) ... ok
test_give_midnight_snacks_success (events.tests.DistributionAPITest.test_give_midnight_snacks_success) 
... ok
test_give_registration_duplicate (events.tests.DistributionAPITest.test_give_registration_duplicate) ... 
ok
test_give_registration_success (events.tests.DistributionAPITest.test_give_registration_success) ... ok
test_give_snacks_success (events.tests.DistributionAPITest.test_give_snacks_success) ... ok
test_login_invalid (events.tests.LoginAPITest.test_login_invalid) ... ok
test_login_success (events.tests.LoginAPITest.test_login_success) ... ok
test_add_member_duplicate_name (events.tests.PreRegAPITest.test_add_member_duplicate_name)
Adding a member with the same name to the same team returns 400. ... ok
test_add_prereg_member (events.tests.PreRegAPITest.test_add_prereg_member)
POST /api/prereg/teams/<id>/add-member/ adds a new member slot. ... ok
test_add_prereg_member_invalid_team (events.tests.PreRegAPITest.test_add_prereg_member_invalid_team)
Test adding a member to an invalid team ID. ... ok
test_create_prereg_team (events.tests.PreRegAPITest.test_create_prereg_team)
POST /api/prereg/teams/create/ creates a new team. ... ok
test_create_team_duplicate_id (events.tests.PreRegAPITest.test_create_team_duplicate_id)
Creating a team with an existing team_id returns 400. ... ok
test_model_str_methods (events.tests.PreRegAPITest.test_model_str_methods)
Test that model string representations work correctly. ... ok
test_prereg_teams_list (events.tests.PreRegAPITest.test_prereg_teams_list)
GET /api/prereg/teams/ returns teams with only unlinked slots. ... ok
test_prereg_teams_list_empty (events.tests.PreRegAPITest.test_prereg_teams_list_empty)
GET /api/prereg/teams/ returns empty list if no teams exist. ... ok
test_prereg_teams_list_no_unregistered 
(events.tests.PreRegAPITest.test_prereg_teams_list_no_unregistered)
GET /api/prereg/teams/ returns teams even if all slots are linked. ... ok
test_register_already_linked_slot (events.tests.PreRegAPITest.test_register_already_linked_slot)
Linking an already-linked slot returns 400. ... ok
test_register_duplicate_uid (events.tests.PreRegAPITest.test_register_duplicate_uid)
Registering an already-used UID returns 400. ... ok
test_register_nfc_success (events.tests.PreRegAPITest.test_register_nfc_success)
POST /api/prereg/register/ creates Participant and marks slot linked. ... ok
test_register_nfc_tag_invalid_member (events.tests.PreRegAPITest.test_register_nfc_tag_invalid_member)
Test registering with an invalid pre-registered member ID. ... ok
test_scan_unregistered_uid (events.tests.PreRegAPITest.test_scan_unregistered_uid)
Scanning an unknown UID returns status='unregistered' not 'invalid'. ... ok
test_scan_case_insensitive (events.tests.ScanAPITest.test_scan_case_insensitive)
UID should be normalized to uppercase. ... ok
test_scan_invalid_uid (events.tests.ScanAPITest.test_scan_invalid_uid) ... ok
test_scan_solo_returns_individual_team (events.tests.ScanAPITest.test_scan_solo_returns_individual_team)
Solo participant should return team_name='Individual', team_size=1. ... ok
test_scan_unauthenticated (events.tests.ScanAPITest.test_scan_unauthenticated) ... ok
test_scan_valid_uid (events.tests.ScanAPITest.test_scan_valid_uid) ... ok
test_scan_with_team_returns_team_info (events.tests.ScanAPITest.test_scan_with_team_returns_team_info)
Participant in a team should return team fields. ... ok
test_attendees_filter_checked_in (events.tests.TeamAPITest.test_attendees_filter_checked_in)
Filter checked_in returns only participants who have received registration goodies. ... ok
test_attendees_filter_not_checked_in (events.tests.TeamAPITest.test_attendees_filter_not_checked_in)
Filter not_checked_in returns only participants who have NOT received registration goodies. ... ok
test_attendees_filter_solo (events.tests.TeamAPITest.test_attendees_filter_solo)
Filter solo returns only solo participants. ... ok
test_attendees_filter_team (events.tests.TeamAPITest.test_attendees_filter_team)
Filter team returns only team members. ... ok
test_attendees_individual_view (events.tests.TeamAPITest.test_attendees_individual_view)
GET /api/attendees/?view=individual returns all participants. ... ok
test_attendees_search (events.tests.TeamAPITest.test_attendees_search)
Search filters results by name. ... ok
test_attendees_search_by_team_name (events.tests.TeamAPITest.test_attendees_search_by_team_name)
Search by team name returns all team members. ... ok
test_attendees_team_view (events.tests.TeamAPITest.test_attendees_team_view)
GET /api/attendees/?view=team groups by team. ... ok
test_dashboard_stats_with_teams (events.tests.TeamAPITest.test_dashboard_stats_with_teams)
GET /api/stats/ includes team statistics. ... ok
test_distribute_team_invalid_item (events.tests.TeamAPITest.test_distribute_team_invalid_item) ... ok
test_distribute_team_not_found (events.tests.TeamAPITest.test_distribute_team_not_found) ... ok
test_distribute_team_skips_already_collected 
(events.tests.TeamAPITest.test_distribute_team_skips_already_collected)
Bulk distribution skips members who already collected. ... ok
test_distribute_team_success (events.tests.TeamAPITest.test_distribute_team_success)
POST /api/distribute-team/ distributes to all uncollected members. ... ok
test_team_details (events.tests.TeamAPITest.test_team_details)
GET /api/team/<team_id>/ returns team info and members. ... ok
test_team_details_not_found (events.tests.TeamAPITest.test_team_details_not_found) ... ok
test_team_details_progress_after_distribution 
(events.tests.TeamAPITest.test_team_details_progress_after_distribution)
Progress updates after individual distribution. ... ok
test_teams_stats (events.tests.TeamAPITest.test_teams_stats)
GET /api/teams/stats/ returns correct statistics. ... ok
test_teams_stats_completion_rate (events.tests.TeamAPITest.test_teams_stats_completion_rate)
Completion rate updates after distribution. ... ok

----------------------------------------------------------------------
Ran 48 tests in 50.469s

OK
Destroying test database for alias 'default' ('file:memorydb_default?mode=memory&cache=shared')...

  Applying sessions.0001_initial... OK
System check identified no issues (0 silenced).
